Error:   Failed to scan for dependencies from entries:
  D:/PROJECTS/newfisaasecommerce/Frontend/index.html
D:/PROJECTS/newfisaasecommerce/Frontend/tests/preview.html

  [31mX [41;31m[[41;97mERROR[41;31m][0m [1mNo matching export in "tests/preview-auth.jsx" for import "AuthProvider"[0m

    src/main.jsx:6:9:
[37m      6 │ import { [32mAuthProvider[37m } from './features/auth/AuthContext'
        ╵          [32m~~~~~~~~~~~~[0m


    at failureErrorWithLog (D:\PROJECTS\newfisaasecommerce\Frontend\node_modules\esbuild\lib\main.js:1467:15)
    at D:\PROJECTS\newfisaasecommerce\Frontend\node_modules\esbuild\lib\main.js:926:25
    at runOnEndCallbacks (D:\PROJECTS\newfisaasecommerce\Frontend\node_modules\esbuild\lib\main.js:1307:45)
    at buildResponseToResult (D:\PROJECTS\newfisaasecommerce\Frontend\node_modules\esbuild\lib\main.js:924:7)
    at D:\PROJECTS\newfisaasecommerce\Frontend\node_modules\esbuild\lib\main.js:936:9
    at new Promise (<anonymous>)
    at requestCallbacks.on-end (D:\PROJECTS\newfisaasecommerce\Frontend\node_modules\esbuild\lib\main.js:935:54)
    at handleRequest (D:\PROJECTS\newfisaasecommerce\Frontend\node_modules\esbuild\lib\main.js:628:17)
    at handleIncomingPacket (D:\PROJECTS\newfisaasecommerce\Frontend\node_modules\esbuild\lib\main.js:653:7)
    at Socket.readFromStdout (D:\PROJECTS\newfisaasecommerce\Frontend\node_modules\esbuild\lib\main.js:581:7)
Error:   Failed to scan for dependencies from entries:
  D:/PROJECTS/newfisaasecommerce/Frontend/index.html
D:/PROJECTS/newfisaasecommerce/Frontend/tests/preview.html

  [31mX [41;31m[[41;97mERROR[41;31m][0m [1mNo matching export in "tests/preview-auth.jsx" for import "AuthProvider"[0m

    src/main.jsx:6:9:
[37m      6 │ import { [32mAuthProvider[37m } from './features/auth/AuthContext'
        ╵          [32m~~~~~~~~~~~~[0m


    at failureErrorWithLog (D:\PROJECTS\newfisaasecommerce\Frontend\node_modules\esbuild\lib\main.js:1467:15)
    at D:\PROJECTS\newfisaasecommerce\Frontend\node_modules\esbuild\lib\main.js:926:25
    at runOnEndCallbacks (D:\PROJECTS\newfisaasecommerce\Frontend\node_modules\esbuild\lib\main.js:1307:45)
    at buildResponseToResult (D:\PROJECTS\newfisaasecommerce\Frontend\node_modules\esbuild\lib\main.js:924:7)
    at D:\PROJECTS\newfisaasecommerce\Frontend\node_modules\esbuild\lib\main.js:936:9
    at new Promise (<anonymous>)
    at requestCallbacks.on-end (D:\PROJECTS\newfisaasecommerce\Frontend\node_modules\esbuild\lib\main.js:935:54)
    at handleRequest (D:\PROJECTS\newfisaasecommerce\Frontend\node_modules\esbuild\lib\main.js:628:17)
    at handleIncomingPacket (D:\PROJECTS\newfisaasecommerce\Frontend\node_modules\esbuild\lib\main.js:653:7)
    at Socket.readFromStdout (D:\PROJECTS\newfisaasecommerce\Frontend\node_modules\esbuild\lib\main.js:581:7)
