8:04:08 AM [vite] (client) Re-optimizing dependencies because lockfile has changed

  VITE v6.4.3  ready in 6231 ms

  ➜  Local:   http://127.0.0.1:5174/
  ➜  press h + enter to show help
8:04:21 AM [vite] vite.qa.config.js changed, restarting server...
8:04:21 AM [vite] (client) Re-optimizing dependencies because vite config has changed
8:04:22 AM [vite] server restarted.
8:05:05 AM [vite] (client) ✨ new dependencies optimized: react-dom/client, react-router-dom, @tanstack/react-query, lucide-react, sonner, decimal.js-light
8:05:05 AM [vite] (client) ✨ optimized dependencies changed. reloading
8:05:16 AM [vite] (client) hmr update /src/features/settings/Settings.jsx, /src/styles.css, /src/features/orders/Orders.jsx, /src/components/Layout.jsx, /src/features/resources/ResourcePage.jsx
8:05:16 AM [vite] vite.qa.config.js changed, restarting server...
8:05:17 AM [vite] server restarted.
8:07:21 AM [vite] vite.qa.config.js changed, restarting server...
8:07:22 AM [vite] server restarted.
8:09:26 AM [vite] (client) hmr update /src/components/Select.jsx, /src/styles.css
8:09:26 AM [vite] (client) page reload tests/workflows.test.jsx
8:10:29 AM [vite] (client) hmr update /src/components/Select.jsx, /src/styles.css
8:10:31 AM [vite] (client) hmr update /src/enhancements.css, /src/styles.css
8:10:31 AM [vite] (client) hmr update /src/features/orders/NewOrder.jsx, /src/styles.css
8:10:33 AM [vite] (client) hmr update /src/features/resources/ResourcePage.jsx, /src/styles.css
8:10:33 AM [vite] (client) hmr update /src/features/resources/ResourcePage.jsx, /src/styles.css, /src/features/orders/NewOrder.jsx
8:10:34 AM [vite] (client) hmr update /src/features/orders/Orders.jsx, /src/styles.css, /src/components/Layout.jsx, /src/features/settings/Settings.jsx, /src/features/resources/ResourcePage.jsx, /src/features/orders/NewOrder.jsx, /@fs/D:\PROJECTS\newfisaasecommerce\Frontend\src\features\auth\AuthPage.jsx
8:10:34 AM [vite] (client) hmr update /tests/preview-auth.jsx, /src/styles.css
8:10:35 AM [vite] (client) page reload tests/preview.html
8:10:35 AM [vite] (client) page reload tests/preview.jsx
8:10:35 AM [vite] (client) hmr invalidate /tests/preview-auth.jsx Could not Fast Refresh ("useAuth" export is incompatible). Learn more at https://github.com/vitejs/vite-plugin-react/tree/main/packages/plugin-react#consistent-components-exports
8:10:35 AM [vite] (client) hmr update /src/features/orders/Orders.jsx, /src/styles.css, /src/components/Layout.jsx, /src/features/settings/Settings.jsx, /src/features/resources/ResourcePage.jsx, /@fs/D:\PROJECTS\newfisaasecommerce\Frontend\src\main.jsx, /@fs/D:\PROJECTS\newfisaasecommerce\Frontend\src\App.jsx, /@fs/D:\PROJECTS\newfisaasecommerce\Frontend\src\features\auth\AuthPage.jsx
8:10:35 AM [vite] (client) page reload tests/workflows.test.jsx
8:10:35 AM [vite] vite.qa.config.js changed, restarting server...
8:10:35 AM [vite] (client) page reload tests/workflows.test.jsx
8:10:35 AM [vite] vite.qa.config.js changed, restarting server...
8:10:37 AM [vite] server restarted.
8:11:20 AM [vite] (client) page reload src/features/analytics/shared.jsx
8:11:20 AM [vite] (client) hmr update /src/enhancements.css, /src/styles.css
8:13:14 AM [vite] (client) hmr update /src/enhancements.css, /src/styles.css
8:14:56 AM [vite] (client) hmr update /src/components/Select.jsx, /src/styles.css
8:14:56 AM [vite] (client) hmr update /src/components/ui.jsx, /src/styles.css
8:14:56 AM [vite] (client) hmr update /src/enhancements.css, /src/styles.css
8:16:30 AM [vite] (client) hmr update /src/components/Select.jsx, /src/styles.css
8:16:30 AM [vite] (client) hmr update /src/enhancements.css, /src/styles.css
8:16:30 AM [vite] (client) page reload vite.config.js
8:16:38 AM [vite] (client) hmr update /src/components/Select.jsx, /src/styles.css
8:16:38 AM [vite] (client) hmr update /src/components/ui.jsx, /src/styles.css
8:16:39 AM [vite] (client) hmr update /src/enhancements.css, /src/styles.css
8:19:51 AM [vite] vite.qa.config.js changed, restarting server...
8:19:51 AM [vite] server restarted.
8:19:56 AM [vite] vite.qa.config.js changed, restarting server...
8:19:56 AM [vite] server restarted.
